'use static'

export declare class Cl {

  public prop: number;
  foo(): void;

  constructor();

}

