{
  "1": [
    "generateDeclFile1.d.ets",
    "generateDeclFile2.d.ets",
    "generateDeclFile3.d.ets",
    "generateDeclFile4.d.ets",
    "generateDeclFile5.d.ets",
    "generateDeclFile6.d.ets",
    "generateDeclFile7.d.ets",
    "generateDeclFile8.d.ets",
    "generateDeclFile9.d.ets",
    "generateDeclFile10.d.ets",
    "generateDeclFile11.d.ets",
    "generateDeclFile12.d.ets"
  ]
}
