{
  "1": [
    {
      "name": "num1",
      "sortText": "15",
      "insertText": "num1()",
      "kind": 3,
      "data": null
    },
    {
      "name": "num2",
      "sortText": "15",
      "insertText": "num2()",
      "kind": 3,
      "data": null
    }
  ],
  "2": [
    {
      "name": "aaa",
      "sortText": "15",
      "insertText": "aaa",
      "kind": 6,
      "data": null
    },
    {
      "name": "abb",
      "sortText": "15",
      "insertText": "abb",
      "kind": 21,
      "data": null
    },
    {
      "name": "axx",
      "sortText": "15",
      "insertText": "axx()",
      "kind": 3,
      "data": null
    }
  ],
  "3": [
    {
      "name": "baa",
      "sortText": "15",
      "insertText": "baa",
      "kind": 6,
      "data": null
    },
    {
      "name": "bbb",
      "sortText": "15",
      "insertText": "bbb",
      "kind": 6,
      "data": null
    },
    {
      "name": "bcc",
      "sortText": "15",
      "insertText": "bcc",
      "kind": 6,
      "data": null
    },
    {
      "name": "bxx",
      "sortText": "15",
      "insertText": "bxx()",
      "kind": 3,
      "data": null
    }
  ],
  "4": [
    {
      "name": "baa",
      "sortText": "15",
      "insertText": "baa",
      "kind": 6,
      "data": null
    },
    {
      "name": "bbb",
      "sortText": "15",
      "insertText": "bbb",
      "kind": 6,
      "data": null
    },
    {
      "name": "bxx",
      "sortText": "15",
      "insertText": "bxx()",
      "kind": 3,
      "data": null
    }
  ],
  "5": [
    {
      "name": "myProp",
      "sortText": "14",
      "insertText": "myProp",
      "kind": 10,
      "data": null
    }
  ],
  "6": [
    {
      "name": "classInSpace",
      "sortText": "13",
      "insertText": "classInSpace",
      "kind": 7,
      "data": null
    }
  ],
  "7": [
    {
      "name": "Red",
      "sortText": "13",
      "insertText": "Red",
      "kind": 20,
      "data": null
    }
  ],
  "8": [],
  "9": [
    {
      "name": "number",
      "sortText": "15",
      "insertText": "number",
      "kind": 14,
      "data": null
    }
  ],
  "10": [
    {
      "name": "classInSpace",
      "sortText": "13",
      "insertText": "classInSpace",
      "kind": 7,
      "data": null
    }
  ],
  "11": [
    {
      "name": "Blue",
      "sortText": "13",
      "insertText": "Blue",
      "kind": 20,
      "data": null
    },
    {
      "name": "Red",
      "sortText": "13",
      "insertText": "Red",
      "kind": 20,
      "data": null
    }
  ],
  "12": [
    {
      "name": "myProp",
      "sortText": "14",
      "insertText": "myProp",
      "kind": 10,
      "data": null
    },
    {
      "name": "prop",
      "sortText": "14",
      "insertText": "prop",
      "kind": 10,
      "data": null
    }
  ],
  "13": [
    {
      "name": "key",
      "sortText": "17",
      "insertText": "key",
      "kind": 2,
      "data": null
    }
  ],
  "14": [
    {
      "name": "key",
      "sortText": "17",
      "insertText": "key",
      "kind": 2,
      "data": null
    }
  ],
  "15": [
    {
      "name": "isEmpty",
      "sortText": "17",
      "insertText": "isEmpty()",
      "kind": 2,
      "data": null
    },
    {
      "name": "peek",
      "sortText": "17",
      "insertText": "peek()",
      "kind": 2,
      "data": null
    },
    {
      "name": "pop",
      "sortText": "17",
      "insertText": "pop()",
      "kind": 2,
      "data": null
    },
    {
      "name": "push",
      "sortText": "17",
      "insertText": "push()",
      "kind": 2,
      "data": null
    }
  ],
  "16": [
    {
      "name": "Entry",
      "sortText": "15",
      "insertText": "Entry",
      "kind": 27,
      "data": null
    },
    {
      "name": "Entry2",
      "sortText": "15",
      "insertText": "Entry2",
      "kind": 27,
      "data": null
    }
  ],
  "17": [
    {
      "name": "Entry",
      "sortText": "15",
      "insertText": "Entry",
      "kind": 27,
      "data": null
    },
    {
      "name": "Entry2",
      "sortText": "15",
      "insertText": "Entry2",
      "kind": 27,
      "data": null
    },
    {
      "name": "TestAnnotation",
      "sortText": "15",
      "insertText": "TestAnnotation",
      "kind": 27,
      "data": null
    }
  ],
  "18": [
    {
      "name": "name",
      "sortText": "14",
      "insertText": "name",
      "kind": 10,
      "data": null
    },
    {
      "name": "age",
      "sortText": "14",
      "insertText": "age",
      "kind": 10,
      "data": null
    },
    {
      "name": "introduce",
      "sortText": "17",
      "insertText": "introduce()",
      "kind": 2,
      "data": null
    }
  ]
}
