{
  "1": {
    "fileName": "getDefinitionAtPosition1.ets",
    "start": 625,
    "length": 1
  },
  "2": {
    "fileName": "getDefinitionAtPosition3.ets",
    "start": 618,
    "length": 1
  },
  "3": {
    "fileName": "getDefinitionAtPosition4.ets",
    "start": 625,
    "length": 1
  },
  "4": {
    "fileName": "getDefinitionAtPosition6.ets",
    "start": 626,
    "length": 3
  },
  "5": {
    "fileName": "getDefinitionAtPosition8.ets",
    "start": 625,
    "length": 1
  },
  "6": {
    "fileName": "getDefinitionAtPosition10.ets",
    "start": 626,
    "length": 3
  },
  "7": {
    "fileName": "getDefinitionAtPosition12.ets",
    "start": 620,
    "length": 1
  },
  "8": {
    "fileName": "getDefinitionAtPosition14.ets",
    "start": 626,
    "length": 1
  },
  "9": {
    "fileName": "getDefinitionAtPosition16.ets",
    "start": 622,
    "length": 3
  },
  "10": {
    "fileName": "text.d.ets",
    "start": 7586,
    "length": 4
  },
  "11": {
    "fileName": "taskpool.ets",
    "start": 686,
    "length": 4
  },
  "12": {
    "fileName": "getDefinitionAtPosition1.ets",
    "start": 0,
    "length": 0
  },
  "13": {
    "fileName": "getDefinitionAtPosition20.ets",
    "start": 632,
    "length": 3
  },
  "14": {
    "fileName": "getDefinitionAtPosition21.ets",
    "start": 643,
    "length": 3
  },
  "15": {
    "fileName": "getDefinitionAtPosition22.ets",
    "start": 650,
    "length": 14
  },
  "16": {
    "fileName": "getDefinitionAtPosition23.ets",
    "start": 679,
    "length": 3
  },
  "17": {
    "fileName": "getDefinitionAtPosition24.ets",
    "start": 629,
    "length": 2
  },
  "18": {
    "fileName": "getDefinitionAtPosition25.ets",
    "start": 637,
    "length": 4
  },
  "19": {
    "fileName": "getDefinitionAtPosition26.ets",
    "start": 632,
    "length": 2
  },
  "20": {
    "fileName": "getDefinitionAtPosition27.ets",
    "start": 632,
    "length": 5
  },
  "21": {
    "fileName": "getDefinitionAtPosition28.ets",
    "start": 649,
    "length": 5
  },
  "22": {
    "fileName": "getDefinitionAtPosition30.ets",
    "start": 728,
    "length": 9
  },
  "23": {
    "fileName": "getDefinitionAtPosition31.ets",
    "start": 729,
    "length": 1
  },
  "24": {
    "fileName": "getDefinitionAtPosition31.ets",
    "start": 748,
    "length": 1
  },
  "25": {
    "fileName": "getDefinitionAtPosition32.ets",
    "start": 631,
    "length": 8
  },
  "26": {
    "fileName": "getDefinitionAtPosition32.ets",
    "start": 862,
    "length": 3
  },
  "27": {
    "fileName": "getDefinitionAtPosition33.ets",
    "start": 709,
    "length": 1
  },
  "28": {
    "fileName": "getDefinitionAtPosition34.ets",
    "start": 679,
    "length": 7
  },
  "29": {
    "fileName": "getDefinitionAtPosition35.ets",
    "start": 629,
    "length": 5
  },
  "30": {
    "fileName": "getDefinitionAtPosition35.ets",
    "start": 680,
    "length": 5
  },
  "31": {
    "fileName": "getDefinitionAtPosition35.ets",
    "start": 719,
    "length": 3
  },
  "32": {
    "fileName": "getDefinitionAtPosition36.ets",
    "start": 638,
    "length": 4
  },
  "33": {
    "fileName": "getDefinitionAtPosition37.ets",
    "start": 664,
    "length": 1
  },
  "34": {
    "fileName": "getDefinitionAtPosition38.ets",
    "start": 814,
    "length": 5
  },
  "35": {
    "fileName": "getDefinitionAtPosition39.ets",
    "start": 629,
    "length": 2
  },
  "36": {
    "fileName": "getDefinitionAtPosition40.ets",
    "start": 636,
    "length": 4
  },
  "37": {
    "fileName": "getDefinitionAtPosition41.ets",
    "start": 941,
    "length": 13
  },
  "38": {
    "fileName": "getDefinitionAtPosition42.ets",
    "start": 966,
    "length": 12
  }
}
