{
    "1": [
        {
            "fileName": "ExportFile1.ets",
            "textChanges": [
                {
                    "span": {
                        "start": 616,
                        "length": 9
                    },
                    "newText": " default "
                }
            ]
        },
        {
            "fileName": "ImportFile1.ets",
            "textChanges": [
                {
                    "span": {
                        "start": 610,
                        "length": 34
                    },
                    "newText": "import bar from \"./ExportFile1\";"
                }
            ]
        }
    ],
    "2": [
        {
            "fileName": "ExportFile2.ets",
            "textChanges": [
                {
                    "span": {
                        "start": 616,
                        "length": 0
                    },
                    "newText": ""
                }
            ]
        },
        {
            "fileName": "ImportFile2.ets",
            "textChanges": [
                {
                    "span": {
                        "start": 0,
                        "length": 610
                    },
                    "newText": "import { foo } from \"./ExportFile2\";"
                }
            ]
        }
    ],
    "3": [
        {
            "fileName": "ExtractConstant3.ets",
            "textChanges": [
                {
                    "span": {
                        "start": 675,
                        "length": 10
                    },
                    "newText": "const EXTRACTED_VAL = \"x + y = \";"
                }
            ]
        }
    ],
    "4": [
        {
            "fileName": "ExtractFunction4.ets",
            "textChanges": [
                {
                    "span": {
                        "start": 675,
                        "length": 20
                    },
                    "newText": "function extractedFunction1() {\n    return \"x + y = \" + (x + y);\n}\n\n"
                }
            ]
        }
    ],
    "5": [
        {
            "fileName": "ExtractInterface.ets",
            "textChanges": [
                {
                    "span": {
                        "start": 640,
                        "length": 24
                    },
                    "newText": "interface ExtractedInterface { a: number; b: string }\n\n"
                }
            ]
        }
    ]
}