{
  "1": {
    "kind": "enum member",
    "kindModifier": "static public readonly",
    "textSpan": {
      "start": 626,
      "length": 1
    },
    "fileName": "getQuickInfoAtPosition1.ets",
    "displayParts": [
      {
        "text": "MyStrings",
        "kind": "enumName"
      },
      {
        "text": ".",
        "kind": "punctuation"
      },
      {
        "text": "A",
        "kind": "enumMember"
      },
      {
        "text": " ",
        "kind": "space"
      },
      {
        "text": "=",
        "kind": "operator"
      },
      {
        "text": " ",
        "kind": "space"
      },
      {
        "text": "\"",
        "kind": "punctuation"
      },
      {
        "text": "hello",
        "kind": "text"
      },
      {
        "text": "\"",
        "kind": "punctuation"
      }
    ]
  },
  "2": {
    "kind": "class",
    "kindModifier": "",
    "textSpan": {
      "start": 615,
      "length": 7
    },
    "fileName": "getQuickInfoAtPosition2.ets",
    "displayParts": [
      {
        "text": "class",
        "kind": "keyword"
      },
      {
        "text": " ",
        "kind": "space"
      },
      {
        "text": "MyClass",
        "kind": "className"
      }
    ]
  },
  "3": {
    "kind": "get",
    "kindModifier": "public abstract",
    "textSpan": {
      "start": 661,
      "length": 3
    },
    "fileName": "getQuickInfoAtPosition3.ets",
    "displayParts": [
      {
        "text": "objI",
        "kind": "interface"
      },
      {
        "text": ".",
        "kind": "punctuation"
      },
      {
        "text": "key",
        "kind": "property"
      },
      {
        "text": ":",
        "kind": "punctuation"
      },
      {
        "text": " ",
        "kind": "space"
      },
      {
        "text": "string",
        "kind": "returnType"
      }
    ]
  },
  "4": {
    "kind": "method",
    "kindModifier": "public declare",
    "textSpan": {
      "start": 695,
      "length": 4
    },
    "fileName": "getQuickInfoAtPosition4.ets",
    "displayParts": [
      {
        "text": "Stack",
        "kind": "className"
      },
      {
        "text": ".",
        "kind": "punctuation"
      },
      {
        "text": "push",
        "kind": "functionName"
      },
      {
        "text": "(",
        "kind": "punctuation"
      },
      {
        "text": "item",
        "kind": "functionParameter"
      },
      {
        "text": ":",
        "kind": "punctuation"
      },
      {
        "text": " ",
        "kind": "space"
      },
      {
        "text": "T",
        "kind": "typeParameter"
      },
      {
        "text": ")",
        "kind": "punctuation"
      },
      {
        "text": ":",
        "kind": "punctuation"
      },
      {
        "text": " ",
        "kind": "space"
      },
      {
        "text": "T",
        "kind": "returnType"
      }
    ]
  }
}
