{
  "1": {
    "canRenameSuccess": true,
    "fileToRename": "",
    "kind": "property",
    "displayName": "aaa",
    "fullDisplayName": "aaa",
    "kindModifiers": "",
    "triggerSpan": {
      "start": 613,
      "length": 3
    }
  },
  "2": {
    "canRenameFailure": false,
    "localizedErrorMessage": "You cannot rename this element"
  },
  "3": {
    "canRenameFailure": false,
    "localizedErrorMessage": "You cannot rename this element"
  }
}
