{
  "1": [
    {
      "fileName": "getReferencesAtPosition1.ets",
      "start": 613,
      "length": 1
    }
  ],
  "2": [
    {
      "fileName": "getReferencesAtPosition2.ets",
      "start": 620,
      "length": 1
    },
    {
      "fileName": "getReferencesAtPosition2.ets",
      "start": 635,
      "length": 1
    },
    {
      "fileName": "getReferencesAtPosition2.ets",
      "start": 665,
      "length": 1
    },
    {
      "fileName": "getReferencesAtPosition3.ets",
      "start": 617,
      "length": 1
    },
    {
      "fileName": "getReferencesAtPosition3.ets",
      "start": 667,
      "length": 1
    }
  ],
  "3": [
    {
      "fileName": "getReferencesAtPosition4.ets",
      "start": 625,
      "length": 1
    },
    {
      "fileName": "getReferencesAtPosition5.ets",
      "start": 617,
      "length": 1
    },
    {
      "fileName": "getReferencesAtPosition5.ets",
      "start": 655,
      "length": 1
    }
  ],
  "4": [
    {
      "fileName": "getReferencesAtPosition6.ets",
      "start": 695,
      "length": 4
    },
    {
      "fileName": "getReferencesAtPosition6.ets",
      "start": 708,
      "length": 4
    }
  ],
  "5": [
    {
      "fileName": "getReferencesAtPosition7.ets",
      "start": 750,
      "length": 3
    }
  ],
  "6": [
    {
      "fileName": "getReferencesAtPosition7.ets",
      "start": 771,
      "length": 14
    }
  ],
  "7": [
    {
      "fileName": "getReferencesAtPosition7.ets",
      "start": 827,
      "length": 3
    }
  ],
  "8": [
    {
      "fileName": "getReferencesAtPosition7.ets",
      "start": 843,
      "length": 2
    }
  ],
  "9": [
    {
      "fileName": "getReferencesAtPosition7.ets",
      "start": 901,
      "length": 4
    }
  ],
  "10": [
    {
      "fileName": "getReferencesAtPosition7.ets",
      "start": 938,
      "length": 2
    }
  ],
  "11": [
    {
      "fileName": "getReferencesAtPosition7.ets",
      "start": 973,
      "length": 5
    }
  ],
  "12": [
    {
      "fileName": "getReferencesAtPosition7.ets",
      "start": 990,
      "length": 5
    }
  ],
  "13": [
    {
      "fileName": "getReferencesAtPosition7.ets",
      "start": 1115,
      "length": 9
    }
  ],
  "14": [
    {
      "fileName": "getReferencesAtPosition7.ets",
      "start": 1338,
      "length": 1
    }
  ],
  "15": [
    {
      "fileName": "getReferencesAtPosition7.ets",
      "start": 1408,
      "length": 8
    }
  ],
  "16": [
    {
      "fileName": "getReferencesAtPosition7.ets",
      "start": 1639,
      "length": 3
    }
  ],
  "17": [
    {
      "fileName": "getReferencesAtPosition7.ets",
      "start": 1823,
      "length": 1
    }
  ],
  "18": [
    {
      "fileName": "getReferencesAtPosition7.ets",
      "start": 1888,
      "length": 7
    }
  ],
  "19": [
    {
      "fileName": "getReferencesAtPosition7.ets",
      "start": 1951,
      "length": 5
    }
  ],
  "20": [
    {
      "fileName": "getReferencesAtPosition7.ets",
      "start": 631,
      "length": 7
    }
  ],
  "21": [
    {
      "fileName": "getReferencesAtPosition7.ets",
      "start": 687,
      "length": 3
    }
  ],
  "22": [
    {
      "fileName": "getReferencesAtPosition7.ets",
      "start": 2013,
      "length": 4
    }
  ],
  "23": [
    {
      "fileName": "getReferencesAtPosition7.ets",
      "start": 2075,
      "length": 1
    }
  ],
  "24": [
    {
      "fileName": "getReferencesAtPosition7.ets",
      "start": 2275,
      "length": 5
    }
  ],
  "25": [
    {
      "fileName": "getReferencesAtPosition7.ets",
      "start": 2324,
      "length": 2
    }
  ],
  "26": [
    {
      "fileName": "getReferencesAtPosition7.ets",
      "start": 2363,
      "length": 4
    }
  ],
  "27": [
    {
      "fileName": "getReferencesAtPosition7.ets",
      "start": 2694,
      "length": 13
    }
  ],
  "28": [
    {
      "fileName": "getReferencesAtPosition7.ets",
      "start": 3056,
      "length": 12
    }
  ],
  "29": [
    {
      "fileName": "getReferencesAtPosition9.ets",
      "start": 631,
      "length": 3
    },
    {
      "fileName": "getReferencesAtPosition9.ets",
      "start": 981,
      "length": 3
    },
    {
     "fileName": "getReferencesAtPositionTest.d.ets",
     "start": 641,
     "length": 3,
     "nodeInfos": [
       {
         "name": "Foo",
         "kind": 15
       },
       {
         "name": "Foo",
         "kind": 14
       },
       {
         "name": "Foo",
         "kind": 36
       }
     ]
    }
  ],
  "30": [
    {
      "fileName": "getReferencesAtPosition9.ets",
      "start": 650,
      "length": 2
    },
    {
     "fileName": "getReferencesAtPositionTest.d.ets",
     "start": 862,
     "length": 2,
     "nodeInfos": [
       {
         "name": "ID",
         "kind": 129
       },
       {
         "name": "ID",
         "kind": 36
       }
     ]
    }
  ],
  "31": [
    {
      "fileName": "getReferencesAtPosition9.ets",
      "start": 656,
      "length": 5
    },
    {
      "fileName": "getReferencesAtPosition9.ets",
      "start": 1019,
      "length": 5
    },
    {
     "fileName": "getReferencesAtPositionTest.d.ets",
     "start": 900,
     "length": 0,
     "nodeInfos": [
       {
         "name": "Color",
         "kind": 89
       }
     ]
    },
    {
     "fileName": "getReferencesAtPositionTest.d.ets",
     "start": 905,
     "length": 5,
     "nodeInfos": [
       {
         "name": "Color",
         "kind": 89
       },
       {
         "name": "Color",
         "kind": 36
       }
     ]
    }
  ],
  "32": [
    {
      "fileName": "getReferencesAtPosition9.ets",
      "start": 665,
      "length": 9
    },
    {
     "fileName": "getReferencesAtPositionTest.d.ets",
     "start": 983,
     "length": 9,
     "nodeInfos": [
       {
         "name": "Printable",
         "kind": 133
       },
       {
         "name": "Printable",
         "kind": 36
       }
     ]
    },
    {
     "fileName": "getReferencesAtPositionTest.d.ets",
     "start": 1081,
     "length": 9,
     "nodeInfos": [
       {
         "name": "Document",
         "kind": 15
       },
       {
         "name": "Document",
         "kind": 14
       },
       {
         "name": "Printable",
         "kind": 141
       },
       {
         "name": "Printable",
         "kind": 36
       }
     ]
    }
  ],
  "33": [
    {
      "fileName": "getReferencesAtPosition9.ets",
      "start": 678,
      "length": 8
    },
    {
      "fileName": "getReferencesAtPosition9.ets",
      "start": 1056,
      "length": 8
    },
    {
     "fileName": "getReferencesAtPositionTest.d.ets",
     "start": 1061,
     "length": 8,
     "nodeInfos": [
       {
         "name": "Document",
         "kind": 15
       },
       {
         "name": "Document",
         "kind": 14
       },
       {
         "name": "Document",
         "kind": 36
       }
     ]
    }
  ],
  "34": [
    {
      "fileName": "getReferencesAtPosition9.ets",
      "start": 690,
      "length": 4
    },
    {
     "fileName": "getReferencesAtPositionTest.d.ets",
     "start": 1203,
     "length": 4,
     "nodeInfos": [
       {
         "name": "move",
         "kind": 166
       },
       {
         "name": "move",
         "kind": 60
       },
       {
         "name": "move",
         "kind": 36
       }
     ]
    }
  ],
  "35": [
    {
      "fileName": "getReferencesAtPosition9.ets",
      "start": 698,
      "length": 9
    },
    {
     "fileName": "getReferencesAtPositionTest.d.ets",
     "start": 1213,
     "length": 9,
     "nodeInfos": [
       {
         "name": "move",
         "kind": 166
       },
       {
         "name": "move",
         "kind": 60
       },
       {
         "name": "dir",
         "kind": 36
       },
       {
         "name": "Direction",
         "kind": 36
       }
     ]
    },
    {
     "fileName": "getReferencesAtPositionTest.d.ets",
     "start": 1243,
     "length": 9,
     "nodeInfos": [
       {
         "name": "Direction",
         "kind": 129
       },
       {
         "name": "Direction",
         "kind": 36
       }
     ]
    }
  ],
  "36": [
    {
      "fileName": "getReferencesAtPosition9.ets",
      "start": 722,
      "length": 4
    },
    {
     "fileName": "getReferencesAtPositionTest.d.ets",
     "start": 1429,
     "length": 4,
     "nodeInfos": [
       {
         "name": "foo1",
         "kind": 166
       },
       {
         "name": "foo1",
         "kind": 60
       },
       {
         "name": "foo1",
         "kind": 36
       }
     ]
    }
  ],
  "37": [
    {
      "fileName": "getReferencesAtPosition9.ets",
      "start": 794,
      "length": 3
    },
    {
     "fileName": "getReferencesAtPositionTest.d.ets",
     "start": 1953,
     "length": 3,
     "nodeInfos": [
       {
         "name": "obj",
         "kind": 152
       },
       {
         "name": "obj",
         "kind": 153
       },
       {
         "name": "obj",
         "kind": 36
       }
     ]
    }
  ],
  "38": [
    {
      "fileName": "getReferencesAtPosition9.ets",
      "start": 985,
      "length": 14
    },
    {
     "fileName": "getReferencesAtPositionTest.d.ets",
     "start": 669,
     "length": 14,
     "nodeInfos": [
       {
         "name": "Foo",
         "kind": 15
       },
       {
         "name": "Foo",
         "kind": 14
       },
       {
         "name": "staticProperty",
         "kind": 47
       },
       {
         "name": "staticProperty",
         "kind": 36
       }
     ]
    },
    {
     "fileName": "getReferencesAtPositionTest.d.ets",
     "start": 717,
     "length": 14,
     "nodeInfos": [
       {
         "name": "Foo",
         "kind": 15
       },
       {
         "name": "Foo",
         "kind": 14
       },
       {
         "name": "staticProperty",
         "kind": 47
       },
       {
         "name": "staticProperty",
         "kind": 36
       }
     ]
    }
  ],
  "39": [
    {
      "fileName": "getReferencesAtPosition9.ets",
      "start": 1025,
      "length": 3
    },
    {
     "fileName": "getReferencesAtPositionTest.d.ets",
     "start": 917,
     "length": 3,
     "nodeInfos": [
       {
         "name": "Color",
         "kind": 89
       },
       {
         "name": "Red",
         "kind": 90
       },
       {
         "name": "Red",
         "kind": 36
       }
     ]
    }
  ],
  "40": [
    {
      "fileName": "getReferencesAtPosition9.ets",
      "start": 1211,
      "length": 5
    },
    {
     "fileName": "getReferencesAtPositionTest.d.ets",
     "start": 1514,
     "length": 5,
     "nodeInfos": [
       {
         "name": "Base",
         "kind": 15
       },
       {
         "name": "Base",
         "kind": 14
       },
       {
         "name": "prop1",
         "kind": 47
       },
       {
         "name": "prop1",
         "kind": 36
       }
     ]
    },
    {
     "fileName": "getReferencesAtPositionTest.d.ets",
     "start": 1546,
     "length": 5,
     "nodeInfos": [
       {
         "name": "Base",
         "kind": 15
       },
       {
         "name": "Base",
         "kind": 14
       },
       {
         "name": "prop1",
         "kind": 47
       },
       {
         "name": "prop1",
         "kind": 36
       }
     ]
    }
  ],
  "41": [
    {
      "fileName": "getReferencesAtPosition9.ets",
      "start": 862,
      "length": 8
    },
    {
     "fileName": "getReferencesAtPositionTest.d.ets",
     "start": 2770,
     "length": 8,
     "nodeInfos": [
       {
         "name": "UserList",
         "kind": 129
       },
       {
         "name": "UserList",
         "kind": 36
       }
     ]
    }
  ],
  "42": [
    {
      "fileName": "getReferencesAtPosition9.ets",
      "start": 874,
      "length": 7
    },
    {
     "fileName": "getReferencesAtPositionTest.d.ets",
     "start": 2818,
     "length": 7,
     "nodeInfos": [
       {
         "name": "numbers",
         "kind": 152
       },
       {
         "name": "numbers",
         "kind": 153
       },
       {
         "name": "numbers",
         "kind": 36
       }
     ]
    }
  ]
}
