{
  "1": {
    "items": [
      {
        "prefixDisplayParts": [
          {
            "text": "add",
            "kind": "functionName"
          },
          {
            "text": "(",
            "kind": "punctuation"
          }
        ],
        "suffixDisplayParts": [
          {
            "text": ")",
            "kind": "punctuation"
          },
          {
            "text": " ",
            "kind": "space"
          },
          {
            "text": "=>",
            "kind": "punctuation"
          },
          {
            "text": " ",
            "kind": "space"
          },
          {
            "text": "number",
            "kind": "keyword"
          }
        ],
        "separatorDisplayParts": [
          {
            "text": ",",
            "kind": "punctuation"
          },
          {
            "text": " ",
            "kind": "space"
          }
        ],
        "parameters": [
          {
            "name": "a",
            "documentation": [],
            "displayParts": [
              {
                "text": "a",
                "kind": "parameterNmae"
              },
              {
                "text": ":",
                "kind": "punctuation"
              },
              {
                "text": " ",
                "kind": "space"
              },
              {
                "text": "number",
                "kind": "keyword"
              }
            ]
          },
          {
            "name": "b",
            "documentation": [],
            "displayParts": [
              {
                "text": "b",
                "kind": "parameterNmae"
              },
              {
                "text": ":",
                "kind": "punctuation"
              },
              {
                "text": " ",
                "kind": "space"
              },
              {
                "text": "number",
                "kind": "keyword"
              }
            ]
          }
        ],
        "documentation": []
      }
    ],
    "applicableSpan": {
      "start": 678,
      "length": 0
    },
    "selectedItemIndex": 0,
    "argumentIndex": 0,
    "argumentCount": 2
  }
}
