{
  "1": {
    "diagnostics": [
      {
        "message": "This_may_be_converted_to_an_async_function",
        "range": {
          "start": {
            "line": 16,
            "character": 1
          },
          "end": {
            "line": 18,
            "character": 3
          }
        },
        "tags": [],
        "relatedInfo": [],
        "code": 0,
        "data": 0,
        "severity": 4,
        "codeDescription": {
          "href": ""
        }
      },
      {
        "message": "This_may_be_converted_to_an_async_function",
        "range": {
          "start": {
            "line": 16,
            "character": 10
          },
          "end": {
            "line": 18,
            "character": 3
          }
        },
        "tags": [],
        "relatedInfo": [],
        "code": 0,
        "data": 0,
        "severity": 4,
        "codeDescription": {
          "href": ""
        }
      },
      {
        "message": "This_may_be_converted_to_an_async_function",
        "range": {
          "start": {
            "line": 19,
            "character": 1
          },
          "end": {
            "line": 21,
            "character": 2
          }
        },
        "tags": [],
        "relatedInfo": [],
        "code": 0,
        "data": 0,
        "severity": 4,
        "codeDescription": {
          "href": ""
        }
      },
      {
        "message": "This_may_be_converted_to_an_async_function",
        "range": {
          "start": {
            "line": 19,
            "character": 10
          },
          "end": {
            "line": 21,
            "character": 2
          }
        },
        "tags": [],
        "relatedInfo": [],
        "code": 0,
        "data": 0,
        "severity": 4,
        "codeDescription": {
          "href": ""
        }
      }
    ]
  }
}
