{
  "1": {
    "diagnostics": []
  },
  "2": {
    "diagnostics": [
      {
        "message": "Unexpected token 'add'.",
        "range": {
          "start": {
            "line": 16,
            "character": 9
          },
          "end": {
            "line": 16,
            "character": 12
          }
        },
        "tags": [],
        "relatedInfo": [],
        "code": 1227,
        "data": 0,
        "severity": 1,
        "codeDescription": {
          "href": "test code description"
        }
      },
      {
        "message": "Unexpected token, expected ',' or ')'.",
        "range": {
          "start": {
            "line": 16,
            "character": 14
          },
          "end": {
            "line": 16,
            "character": 15
          }
        },
        "tags": [],
        "relatedInfo": [],
        "code": 1229,
        "data": 0,
        "severity": 1,
        "codeDescription": {
          "href": "test code description"
        }
      },
      {
        "message": "Unexpected token ':'.",
        "range": {
          "start": {
            "line": 16,
            "character": 14
          },
          "end": {
            "line": 16,
            "character": 15
          }
        },
        "tags": [],
        "relatedInfo": [],
        "code": 1227,
        "data": 0,
        "severity": 1,
        "codeDescription": {
          "href": "test code description"
        }
      },
      {
        "message": "Unexpected token 'number'.",
        "range": {
          "start": {
            "line": 16,
            "character": 16
          },
          "end": {
            "line": 16,
            "character": 22
          }
        },
        "tags": [],
        "relatedInfo": [],
        "code": 1227,
        "data": 0,
        "severity": 1,
        "codeDescription": {
          "href": "test code description"
        }
      },
      {
        "message": "Unexpected token ','.",
        "range": {
          "start": {
            "line": 16,
            "character": 22
          },
          "end": {
            "line": 16,
            "character": 23
          }
        },
        "tags": [],
        "relatedInfo": [],
        "code": 1227,
        "data": 0,
        "severity": 1,
        "codeDescription": {
          "href": "test code description"
        }
      },
      {
        "message": "Unexpected token 'b'.",
        "range": {
          "start": {
            "line": 16,
            "character": 1
          },
          "end": {
            "line": 20,
            "character": 20
          }
        },
        "tags": [],
        "relatedInfo": [],
        "code": 1227,
        "data": 0,
        "severity": 1,
        "codeDescription": {
          "href": "test code description"
        }
      },
      {
        "message": "Label must be followed by a loop statement.",
        "range": {
          "start": {
            "line": 16,
            "character": 27
          },
          "end": {
            "line": 16,
            "character": 33
          }
        },
        "tags": [],
        "relatedInfo": [],
        "code": 1038,
        "data": 0,
        "severity": 1,
        "codeDescription": {
          "href": "test code description"
        }
      },
      {
        "message": "Unexpected token ')'.",
        "range": {
          "start": {
            "line": 16,
            "character": 33
          },
          "end": {
            "line": 16,
            "character": 34
          }
        },
        "tags": [],
        "relatedInfo": [],
        "code": 1227,
        "data": 0,
        "severity": 1,
        "codeDescription": {
          "href": "test code description"
        }
      },
      {
        "message": "Unexpected token '{'.",
        "range": {
          "start": {
            "line": 16,
            "character": 35
          },
          "end": {
            "line": 18,
            "character": 2
          }
        },
        "tags": [],
        "relatedInfo": [],
        "code": 1227,
        "data": 0,
        "severity": 1,
        "codeDescription": {
          "href": "test code description"
        }
      },
      {
        "message": "return keyword should be used in function body.",
        "range": {
          "start": {
            "line": 17,
            "character": 5
          },
          "end": {
            "line": 17,
            "character": 18
          }
        },
        "tags": [],
        "relatedInfo": [],
        "code": 1163,
        "data": 0,
        "severity": 1,
        "codeDescription": {
          "href": "test code description"
        }
      }
    ]
  },
  "3": {
    "diagnostics": [
      {
        "message": "Unexpected token, expected 'from'.",
        "range": {
          "start": {
            "line": 16,
            "character": 1
          },
          "end": {
            "line": 16,
            "character": 52
          }
        },
        "tags": [],
        "relatedInfo": [],
        "code": 1228,
        "data": 0,
        "severity": 1,
        "codeDescription": {
          "href": "test code description"
        }
      }
    ]
  }
}
