{
  "1": ["modifyDeclFile1.d.ets", "modifyDeclFile2.d.ets", "modifyDeclFile3.d.ets"]
}
