{
  "1": {
    "line": 0,
    "character": 0
  },
  "2": {
    "line": 17,
    "character": 642
  },
  "3": {
    "line": 18,
    "character": 708
  }
}
