'use static'

export declare @interface Anno {}
export declare class A {
  constructor();

}

