'use static'

import { foo as foo, SomeEnum as SomeEnum } from "./expected/enum1.txt";

