'use static'

export declare const P: number;

export declare function foo(): void;

export default declare function baz(): void;

