'use static'

export declare class ValueImpl extends NS.Value {
  getValue(): NS.Value;

  constructor();

}

export declare namespace NS {

  export class Value {
    constructor();

  }

}

