'use static'

export declare class C {
  constructor(b?: boolean);

  foo(b?: boolean): void;

}

