'use static'

export declare @interface Anno {
  prop: Double = 1;
}
export declare class C {
  public prop: Double;
  public constructor();

}

